// Jest Snapshot v1, https://goo.gl/fbAQLP

exports[`Workspace, basic ruleset negative globs Invalid files trigger generation of diagnostics but only if not ignored package.json 1`] = `Array []`;

exports[`Workspace, basic ruleset negative globs Invalid files trigger generation of diagnostics but only if not ignored simple.json 1`] = `Array []`;

exports[`Workspace, basic ruleset negative globs Invalid files trigger generation of diagnostics but only if not ignored simple.yaml 1`] = `
Array [
  Object {
    "code": Object {
      "target": "https://meta.stoplight.io/docs/spectral/docs/reference/openapi-rules.md#oas3-api-servers",
      "value": "oas3-api-servers",
    },
    "message": "OpenAPI \\"servers\\" must be present and non-empty array.",
    "range": Array [
      Object {
        "character": 0,
        "line": 0,
      },
      Object {
        "character": 8,
        "line": 2,
      },
    ],
    "severity": "Warning",
    "source": "spectral",
  },
  Object {
    "code": Object {
      "target": "https://meta.stoplight.io/docs/spectral/docs/reference/openapi-rules.md#oas3-schema",
      "value": "oas3-schema",
    },
    "message": "must have required property \\"paths\\".",
    "range": Array [
      Object {
        "character": 0,
        "line": 0,
      },
      Object {
        "character": 8,
        "line": 2,
      },
    ],
    "severity": "Hint",
    "source": "spectral",
  },
  Object {
    "code": Object {
      "target": "https://meta.stoplight.io/docs/spectral/docs/reference/openapi-rules.md#info-description",
      "value": "info-description",
    },
    "message": "Info \\"description\\" must be present and non-empty string.",
    "range": Array [
      Object {
        "character": 6,
        "line": 2,
      },
      Object {
        "character": 8,
        "line": 2,
      },
    ],
    "severity": "Warning",
    "source": "spectral",
  },
  Object {
    "code": Object {
      "target": "https://meta.stoplight.io/docs/spectral/docs/reference/openapi-rules.md#oas3-schema",
      "value": "oas3-schema",
    },
    "message": "\\"info\\" property must be object.",
    "range": Array [
      Object {
        "character": 6,
        "line": 2,
      },
      Object {
        "character": 8,
        "line": 2,
      },
    ],
    "severity": "Hint",
    "source": "spectral",
  },
]
`;

exports[`Workspace, basic ruleset negative globs Invalid files trigger generation of diagnostics but only if not ignored simple-ignore.yaml 1`] = `Array []`;

exports[`Workspace, basic ruleset negative globs Invalid files trigger generation of diagnostics but only if not ignored template.cfn.yaml 1`] = `Array []`;
